styles-base-corporate-catalogue.css
_styles-base-corporate.css
corporate-404.css
corporate-add-calendar.css
corporate-article-content.css
corporate-article-focus.css
corporate-article-nav.css
corporate-article-title.css
corporate-breadcrumb.css
corporate-catalogue-exhibitor-details.css
corporate-catalogue-exhibitors.css
corporate-catalogue-exhibitors-nav.css
corporate-catalogue-myselection.css
corporate-catalogue-nav-affix.css
corporate-catalogue-other-exhibitors.css
corporate-catalogue-product-details.css
corporate-catalogue-round-number.css
corporate-contacts.css
corporate-exhibitor-searchform.css
corporate-faq.css
corporate-footer.css
corporate-gallery.css
corporate-gallery-slider.css
corporate-header.css
corporate-icon.css
corporate-langswitcher.css
corporate-library.css
corporate-list.css
corporate-list-grid.css
corporate-list-slider.css
corporate-navigation.css
corporate-newsletter.css
corporate-pagination.css
corporate-partner-list.css
corporate-partner-slider.css
corporate-quicklinks.css
corporate-search-events-exhibitors.css
corporate-searchform.css
corporate-searchform-header.css
corporate-search-result.css
corporate-second-navigation.css
corporate-sitemap.css
corporate-slider.css
corporate-social.css
corporate-survey.css
corporate-tags-cloud.css

